10:56:01 **** Incremental Build of configuration Debug for project multiplier ****
make pre-build main-build 
a9-linaro-pre-build-step
' '
'Building file: ../src/multiplier_tb.c'
'Invoking: ARM v7 gcc compiler'
arm-none-eabi-gcc -Wall -O0 -g3 -c -fmessage-length=0 -MT"src/multiplier_tb.o" -mcpu=cortex-a9 -mfpu=vfpv3 -mfloat-abi=hard -I../../multiplier_bsp/ps7_cortexa9_0/include -MMD -MP -MF"src/multiplier_tb.d" -MT"src/multiplier_tb.o" -o "src/multiplier_tb.o" "../src/multiplier_tb.c"
'Finished building: ../src/multiplier_tb.c'
' '
'Building target: multiplier.elf'
'Invoking: ARM v7 gcc linker'
arm-none-eabi-gcc -mcpu=cortex-a9 -mfpu=vfpv3 -mfloat-abi=hard -Wl,-build-id=none -specs=Xilinx.spec -Wl,-T -Wl,../src/lscript.ld -L../../multiplier_bsp/ps7_cortexa9_0/lib -o "multiplier.elf"  ./src/multiplier_tb.o   -Wl,--start-group,-lxil,-lgcc,-lc,--end-group
'Finished building target: multiplier.elf'
' '
'Invoking: ARM v7 Print Size'
arm-none-eabi-size multiplier.elf  |tee "multiplier.elf.size"
   text	   data	    bss	    dec	    hex	filename
  70712	   2580	  23328	  96620	  1796c	multiplier.elf
'Finished building: multiplier.elf.size'
' '

10:56:03 Build Finished (took 1s.762ms)

