23:11:22 **** Build of project alu_bsp ****
make -k all 
"Running Make include in ps7_cortexa9_0/libsrc/coresightps_dcc_v1_4/src"
make -C ps7_cortexa9_0/libsrc/coresightps_dcc_v1_4/src -s include  "SHELL=CMD" "COMPILER=arm-none-eabi-gcc" "ARCHIVER=arm-none-eabi-ar" "COMPILER_FLAGS=  -O2 -c" "EXTRA_COMPILER_FLAGS=-mcpu=cortex-a9 -mfpu=vfpv3 -mfloat-abi=hard -nostartfiles -g -Wall -Wextra"
"Running Make include in ps7_cortexa9_0/libsrc/cpu_cortexa9_v2_7/src"
make -C ps7_cortexa9_0/libsrc/cpu_cortexa9_v2_7/src -s include  "SHELL=CMD" "COMPILER=arm-none-eabi-gcc" "ARCHIVER=arm-none-eabi-ar" "COMPILER_FLAGS=  -O2 -c" "EXTRA_COMPILER_FLAGS=-mcpu=cortex-a9 -mfpu=vfpv3 -mfloat-abi=hard -nostartfiles -g -Wall -Wextra"
"Running Make include in ps7_cortexa9_0/libsrc/ddrps_v1_0/src"
make -C ps7_cortexa9_0/libsrc/ddrps_v1_0/src -s include  "SHELL=CMD" "COMPILER=arm-none-eabi-gcc" "ARCHIVER=arm-none-eabi-ar" "COMPILER_FLAGS=  -O2 -c" "EXTRA_COMPILER_FLAGS=-mcpu=cortex-a9 -mfpu=vfpv3 -mfloat-abi=hard -nostartfiles -g -Wall -Wextra"
"Running Make include in ps7_cortexa9_0/libsrc/devcfg_v3_5/src"
make -C ps7_cortexa9_0/libsrc/devcfg_v3_5/src -s include  "SHELL=CMD" "COMPILER=arm-none-eabi-gcc" "ARCHIVER=arm-none-eabi-ar" "COMPILER_FLAGS=  -O2 -c" "EXTRA_COMPILER_FLAGS=-mcpu=cortex-a9 -mfpu=vfpv3 -mfloat-abi=hard -nostartfiles -g -Wall -Wextra"
"Running Make include in ps7_cortexa9_0/libsrc/dmaps_v2_4/src"
make -C ps7_cortexa9_0/libsrc/dmaps_v2_4/src -s include  "SHELL=CMD" "COMPILER=arm-none-eabi-gcc" "ARCHIVER=arm-none-eabi-ar" "COMPILER_FLAGS=  -O2 -c" "EXTRA_COMPILER_FLAGS=-mcpu=cortex-a9 -mfpu=vfpv3 -mfloat-abi=hard -nostartfiles -g -Wall -Wextra"
"Running Make include in ps7_cortexa9_0/libsrc/emacps_v3_8/src"
make -C ps7_cortexa9_0/libsrc/emacps_v3_8/src -s include  "SHELL=CMD" "COMPILER=arm-none-eabi-gcc" "ARCHIVER=arm-none-eabi-ar" "COMPILER_FLAGS=  -O2 -c" "EXTRA_COMPILER_FLAGS=-mcpu=cortex-a9 -mfpu=vfpv3 -mfloat-abi=hard -nostartfiles -g -Wall -Wextra"
"Running Make include in ps7_cortexa9_0/libsrc/gpiops_v3_4/src"
make -C ps7_cortexa9_0/libsrc/gpiops_v3_4/src -s include  "SHELL=CMD" "COMPILER=arm-none-eabi-gcc" "ARCHIVER=arm-none-eabi-ar" "COMPILER_FLAGS=  -O2 -c" "EXTRA_COMPILER_FLAGS=-mcpu=cortex-a9 -mfpu=vfpv3 -mfloat-abi=hard -nostartfiles -g -Wall -Wextra"
"Running Make include in ps7_cortexa9_0/libsrc/qspips_v3_5/src"
make -C ps7_cortexa9_0/libsrc/qspips_v3_5/src -s include  "SHELL=CMD" "COMPILER=arm-none-eabi-gcc" "ARCHIVER=arm-none-eabi-ar" "COMPILER_FLAGS=  -O2 -c" "EXTRA_COMPILER_FLAGS=-mcpu=cortex-a9 -mfpu=vfpv3 -mfloat-abi=hard -nostartfiles -g -Wall -Wextra"
"Running Make include in ps7_cortexa9_0/libsrc/scugic_v3_10/src"
make -C ps7_cortexa9_0/libsrc/scugic_v3_10/src -s include  "SHELL=CMD" "COMPILER=arm-none-eabi-gcc" "ARCHIVER=arm-none-eabi-ar" "COMPILER_FLAGS=  -O2 -c" "EXTRA_COMPILER_FLAGS=-mcpu=cortex-a9 -mfpu=vfpv3 -mfloat-abi=hard -nostartfiles -g -Wall -Wextra"
"Running Make include in ps7_cortexa9_0/libsrc/scutimer_v2_1/src"
make -C ps7_cortexa9_0/libsrc/scutimer_v2_1/src -s include  "SHELL=CMD" "COMPILER=arm-none-eabi-gcc" "ARCHIVER=arm-none-eabi-ar" "COMPILER_FLAGS=  -O2 -c" "EXTRA_COMPILER_FLAGS=-mcpu=cortex-a9 -mfpu=vfpv3 -mfloat-abi=hard -nostartfiles -g -Wall -Wextra"
"Running Make include in ps7_cortexa9_0/libsrc/scuwdt_v2_1/src"
make -C ps7_cortexa9_0/libsrc/scuwdt_v2_1/src -s include  "SHELL=CMD" "COMPILER=arm-none-eabi-gcc" "ARCHIVER=arm-none-eabi-ar" "COMPILER_FLAGS=  -O2 -c" "EXTRA_COMPILER_FLAGS=-mcpu=cortex-a9 -mfpu=vfpv3 -mfloat-abi=hard -nostartfiles -g -Wall -Wextra"
"Running Make include in ps7_cortexa9_0/libsrc/sdps_v3_6/src"
make -C ps7_cortexa9_0/libsrc/sdps_v3_6/src -s include  "SHELL=CMD" "COMPILER=arm-none-eabi-gcc" "ARCHIVER=arm-none-eabi-ar" "COMPILER_FLAGS=  -O2 -c" "EXTRA_COMPILER_FLAGS=-mcpu=cortex-a9 -mfpu=vfpv3 -mfloat-abi=hard -nostartfiles -g -Wall -Wextra"
"Running Make include in ps7_cortexa9_0/libsrc/standalone_v6_8/src"
make -C ps7_cortexa9_0/libsrc/standalone_v6_8/src -s include  "SHELL=CMD" "COMPILER=arm-none-eabi-gcc" "ARCHIVER=arm-none-eabi-ar" "COMPILER_FLAGS=  -O2 -c" "EXTRA_COMPILER_FLAGS=-mcpu=cortex-a9 -mfpu=vfpv3 -mfloat-abi=hard -nostartfiles -g -Wall -Wextra"
"Running Make include in ps7_cortexa9_0/libsrc/uartps_v3_7/src"
make -C ps7_cortexa9_0/libsrc/uartps_v3_7/src -s include  "SHELL=CMD" "COMPILER=arm-none-eabi-gcc" "ARCHIVER=arm-none-eabi-ar" "COMPILER_FLAGS=  -O2 -c" "EXTRA_COMPILER_FLAGS=-mcpu=cortex-a9 -mfpu=vfpv3 -mfloat-abi=hard -nostartfiles -g -Wall -Wextra"
"Running Make include in ps7_cortexa9_0/libsrc/usbps_v2_4/src"
make -C ps7_cortexa9_0/libsrc/usbps_v2_4/src -s include  "SHELL=CMD" "COMPILER=arm-none-eabi-gcc" "ARCHIVER=arm-none-eabi-ar" "COMPILER_FLAGS=  -O2 -c" "EXTRA_COMPILER_FLAGS=-mcpu=cortex-a9 -mfpu=vfpv3 -mfloat-abi=hard -nostartfiles -g -Wall -Wextra"
"Running Make include in ps7_cortexa9_0/libsrc/xadcps_v2_3/src"
make -C ps7_cortexa9_0/libsrc/xadcps_v2_3/src -s include  "SHELL=CMD" "COMPILER=arm-none-eabi-gcc" "ARCHIVER=arm-none-eabi-ar" "COMPILER_FLAGS=  -O2 -c" "EXTRA_COMPILER_FLAGS=-mcpu=cortex-a9 -mfpu=vfpv3 -mfloat-abi=hard -nostartfiles -g -Wall -Wextra"
"Running Make libs in ps7_cortexa9_0/libsrc/coresightps_dcc_v1_4/src"
make -C ps7_cortexa9_0/libsrc/coresightps_dcc_v1_4/src -s libs  "SHELL=CMD" "COMPILER=arm-none-eabi-gcc" "ARCHIVER=arm-none-eabi-ar" "COMPILER_FLAGS=  -O2 -c" "EXTRA_COMPILER_FLAGS=-mcpu=cortex-a9 -mfpu=vfpv3 -mfloat-abi=hard -nostartfiles -g -Wall -Wextra"
"Compiling coresightps_dcc"
arm-none-eabi-ar: creating ../../../lib/libxil.a
"Running Make libs in ps7_cortexa9_0/libsrc/cpu_cortexa9_v2_7/src"
make -C ps7_cortexa9_0/libsrc/cpu_cortexa9_v2_7/src -s libs  "SHELL=CMD" "COMPILER=arm-none-eabi-gcc" "ARCHIVER=arm-none-eabi-ar" "COMPILER_FLAGS=  -O2 -c" "EXTRA_COMPILER_FLAGS=-mcpu=cortex-a9 -mfpu=vfpv3 -mfloat-abi=hard -nostartfiles -g -Wall -Wextra"
"Compiling cpu_cortexa9"
"Running Make libs in ps7_cortexa9_0/libsrc/ddrps_v1_0/src"
make -C ps7_cortexa9_0/libsrc/ddrps_v1_0/src -s libs  "SHELL=CMD" "COMPILER=arm-none-eabi-gcc" "ARCHIVER=arm-none-eabi-ar" "COMPILER_FLAGS=  -O2 -c" "EXTRA_COMPILER_FLAGS=-mcpu=cortex-a9 -mfpu=vfpv3 -mfloat-abi=hard -nostartfiles -g -Wall -Wextra"
"Compiling ddrps"
"Running Make libs in ps7_cortexa9_0/libsrc/devcfg_v3_5/src"
make -C ps7_cortexa9_0/libsrc/devcfg_v3_5/src -s libs  "SHELL=CMD" "COMPILER=arm-none-eabi-gcc" "ARCHIVER=arm-none-eabi-ar" "COMPILER_FLAGS=  -O2 -c" "EXTRA_COMPILER_FLAGS=-mcpu=cortex-a9 -mfpu=vfpv3 -mfloat-abi=hard -nostartfiles -g -Wall -Wextra"
"Compiling devcfg"
"Running Make libs in ps7_cortexa9_0/libsrc/dmaps_v2_4/src"
make -C ps7_cortexa9_0/libsrc/dmaps_v2_4/src -s libs  "SHELL=CMD" "COMPILER=arm-none-eabi-gcc" "ARCHIVER=arm-none-eabi-ar" "COMPILER_FLAGS=  -O2 -c" "EXTRA_COMPILER_FLAGS=-mcpu=cortex-a9 -mfpu=vfpv3 -mfloat-abi=hard -nostartfiles -g -Wall -Wextra"
"Compiling dmaps"
"Running Make libs in ps7_cortexa9_0/libsrc/emacps_v3_8/src"
make -C ps7_cortexa9_0/libsrc/emacps_v3_8/src -s libs  "SHELL=CMD" "COMPILER=arm-none-eabi-gcc" "ARCHIVER=arm-none-eabi-ar" "COMPILER_FLAGS=  -O2 -c" "EXTRA_COMPILER_FLAGS=-mcpu=cortex-a9 -mfpu=vfpv3 -mfloat-abi=hard -nostartfiles -g -Wall -Wextra"
"Compiling emacps"
"Running Make libs in ps7_cortexa9_0/libsrc/gpiops_v3_4/src"
make -C ps7_cortexa9_0/libsrc/gpiops_v3_4/src -s libs  "SHELL=CMD" "COMPILER=arm-none-eabi-gcc" "ARCHIVER=arm-none-eabi-ar" "COMPILER_FLAGS=  -O2 -c" "EXTRA_COMPILER_FLAGS=-mcpu=cortex-a9 -mfpu=vfpv3 -mfloat-abi=hard -nostartfiles -g -Wall -Wextra"
"Compiling gpiops"
"Running Make libs in ps7_cortexa9_0/libsrc/qspips_v3_5/src"
make -C ps7_cortexa9_0/libsrc/qspips_v3_5/src -s libs  "SHELL=CMD" "COMPILER=arm-none-eabi-gcc" "ARCHIVER=arm-none-eabi-ar" "COMPILER_FLAGS=  -O2 -c" "EXTRA_COMPILER_FLAGS=-mcpu=cortex-a9 -mfpu=vfpv3 -mfloat-abi=hard -nostartfiles -g -Wall -Wextra"
"Compiling qspips"
"Running Make libs in ps7_cortexa9_0/libsrc/scugic_v3_10/src"
make -C ps7_cortexa9_0/libsrc/scugic_v3_10/src -s libs  "SHELL=CMD" "COMPILER=arm-none-eabi-gcc" "ARCHIVER=arm-none-eabi-ar" "COMPILER_FLAGS=  -O2 -c" "EXTRA_COMPILER_FLAGS=-mcpu=cortex-a9 -mfpu=vfpv3 -mfloat-abi=hard -nostartfiles -g -Wall -Wextra"
"Compiling scugic"
"Running Make libs in ps7_cortexa9_0/libsrc/scutimer_v2_1/src"
make -C ps7_cortexa9_0/libsrc/scutimer_v2_1/src -s libs  "SHELL=CMD" "COMPILER=arm-none-eabi-gcc" "ARCHIVER=arm-none-eabi-ar" "COMPILER_FLAGS=  -O2 -c" "EXTRA_COMPILER_FLAGS=-mcpu=cortex-a9 -mfpu=vfpv3 -mfloat-abi=hard -nostartfiles -g -Wall -Wextra"
"Compiling scutimer"
"Running Make libs in ps7_cortexa9_0/libsrc/scuwdt_v2_1/src"
make -C ps7_cortexa9_0/libsrc/scuwdt_v2_1/src -s libs  "SHELL=CMD" "COMPILER=arm-none-eabi-gcc" "ARCHIVER=arm-none-eabi-ar" "COMPILER_FLAGS=  -O2 -c" "EXTRA_COMPILER_FLAGS=-mcpu=cortex-a9 -mfpu=vfpv3 -mfloat-abi=hard -nostartfiles -g -Wall -Wextra"
"Compiling scuwdt"
"Running Make libs in ps7_cortexa9_0/libsrc/sdps_v3_6/src"
make -C ps7_cortexa9_0/libsrc/sdps_v3_6/src -s libs  "SHELL=CMD" "COMPILER=arm-none-eabi-gcc" "ARCHIVER=arm-none-eabi-ar" "COMPILER_FLAGS=  -O2 -c" "EXTRA_COMPILER_FLAGS=-mcpu=cortex-a9 -mfpu=vfpv3 -mfloat-abi=hard -nostartfiles -g -Wall -Wextra"
"Compiling sdps"
"Running Make libs in ps7_cortexa9_0/libsrc/standalone_v6_8/src"
make -C ps7_cortexa9_0/libsrc/standalone_v6_8/src -s libs  "SHELL=CMD" "COMPILER=arm-none-eabi-gcc" "ARCHIVER=arm-none-eabi-ar" "COMPILER_FLAGS=  -O2 -c" "EXTRA_COMPILER_FLAGS=-mcpu=cortex-a9 -mfpu=vfpv3 -mfloat-abi=hard -nostartfiles -g -Wall -Wextra"
"Compiling standalone"
In file included from usleep.c:56:0:
xtime_l.h:87:9: note: #pragma message: For the sleep routines, Global timer is being used
 #pragma message ("For the sleep routines, Global timer is being used")
         ^~~~~~~
In file included from xil_sleeptimer.c:51:0:
xtime_l.h:87:9: note: #pragma message: For the sleep routines, Global timer is being used
 #pragma message ("For the sleep routines, Global timer is being used")
         ^~~~~~~
In file included from xtime_l.c:49:0:
xtime_l.h:87:9: note: #pragma message: For the sleep routines, Global timer is being used
 #pragma message ("For the sleep routines, Global timer is being used")
         ^~~~~~~
In file included from sleep.c:53:0:
xtime_l.h:87:9: note: #pragma message: For the sleep routines, Global timer is being used
 #pragma message ("For the sleep routines, Global timer is being used")
         ^~~~~~~
"Running Make libs in ps7_cortexa9_0/libsrc/uartps_v3_7/src"
make -C ps7_cortexa9_0/libsrc/uartps_v3_7/src -s libs  "SHELL=CMD" "COMPILER=arm-none-eabi-gcc" "ARCHIVER=arm-none-eabi-ar" "COMPILER_FLAGS=  -O2 -c" "EXTRA_COMPILER_FLAGS=-mcpu=cortex-a9 -mfpu=vfpv3 -mfloat-abi=hard -nostartfiles -g -Wall -Wextra"
"Compiling uartps"
"Running Make libs in ps7_cortexa9_0/libsrc/usbps_v2_4/src"
make -C ps7_cortexa9_0/libsrc/usbps_v2_4/src -s libs  "SHELL=CMD" "COMPILER=arm-none-eabi-gcc" "ARCHIVER=arm-none-eabi-ar" "COMPILER_FLAGS=  -O2 -c" "EXTRA_COMPILER_FLAGS=-mcpu=cortex-a9 -mfpu=vfpv3 -mfloat-abi=hard -nostartfiles -g -Wall -Wextra"
"Compiling usbps"
"Running Make libs in ps7_cortexa9_0/libsrc/xadcps_v2_3/src"
make -C ps7_cortexa9_0/libsrc/xadcps_v2_3/src -s libs  "SHELL=CMD" "COMPILER=arm-none-eabi-gcc" "ARCHIVER=arm-none-eabi-ar" "COMPILER_FLAGS=  -O2 -c" "EXTRA_COMPILER_FLAGS=-mcpu=cortex-a9 -mfpu=vfpv3 -mfloat-abi=hard -nostartfiles -g -Wall -Wextra"
"Compiling xadcps"
'Finished building libraries'
23:11:56 **** Build of configuration Debug for project alu ****
make pre-build main-build 
a9-linaro-pre-build-step
' '
'Building file: ../src/alu.c'
'Invoking: ARM v7 gcc compiler'
arm-none-eabi-gcc -Wall -O0 -g3 -c -fmessage-length=0 -MT"src/alu.o" -mcpu=cortex-a9 -mfpu=vfpv3 -mfloat-abi=hard -I../../alu_bsp/ps7_cortexa9_0/include -MMD -MP -MF"src/alu.d" -MT"src/alu.o" -o "src/alu.o" "../src/alu.c"
'Finished building: ../src/alu.c'
' '
'Building target: alu.elf'
'Invoking: ARM v7 gcc linker'
arm-none-eabi-gcc -mcpu=cortex-a9 -mfpu=vfpv3 -mfloat-abi=hard -Wl,-build-id=none -specs=Xilinx.spec -Wl,-T -Wl,../src/lscript.ld -L../../alu_bsp/ps7_cortexa9_0/lib -o "alu.elf"  ./src/alu.o   -Wl,--start-group,-lxil,-lgcc,-lc,--end-group
../../alu_bsp/ps7_cortexa9_0/lib\libxil.a(xil-crt0.o): In function `_start':
C:\Users\alexivensky\ADDLabs\Lab-2\lab_2\lab_2.sdk\alu_bsp\ps7_cortexa9_0\libsrc\standalone_v6_8\src/xil-crt0.S:138: undefined reference to `main'
collect2.exe: error: ld returned 1 exit status
make: *** [makefile:41: alu.elf] Error 1
23:12:30 **** Auto Build of configuration Debug for project alu ****
make pre-build main-build 
a9-linaro-pre-build-step
' '
'Building file: ../src/alu.c'
'Invoking: ARM v7 gcc compiler'
arm-none-eabi-gcc -Wall -O0 -g3 -c -fmessage-length=0 -MT"src/alu.o" -mcpu=cortex-a9 -mfpu=vfpv3 -mfloat-abi=hard -I../../alu_bsp/ps7_cortexa9_0/include -MMD -MP -MF"src/alu.d" -MT"src/alu.o" -o "src/alu.o" "../src/alu.c"
'Finished building: ../src/alu.c'
' '
'Building target: alu.elf'
'Invoking: ARM v7 gcc linker'
arm-none-eabi-gcc -mcpu=cortex-a9 -mfpu=vfpv3 -mfloat-abi=hard -Wl,-build-id=none -specs=Xilinx.spec -Wl,-T -Wl,../src/lscript.ld -L../../alu_bsp/ps7_cortexa9_0/lib -o "alu.elf"  ./src/alu.o   -Wl,--start-group,-lxil,-lgcc,-lc,--end-group
'Finished building target: alu.elf'
' '
'Invoking: ARM v7 Print Size'
arm-none-eabi-size alu.elf  |tee "alu.elf.size"
   text	   data	    bss	    dec	    hex	filename
  70224	   2580	  23328	  96132	  17784	alu.elf
'Finished building: alu.elf.size'
' '
23:13:21 **** Incremental Build of configuration Debug for project alu ****
make pre-build main-build 
a9-linaro-pre-build-step
' '
make: Nothing to be done for 'main-build'.
23:18:17 **** Auto Build of configuration Debug for project alu ****
make pre-build main-build 
a9-linaro-pre-build-step
' '
'Building file: ../src/alu.c'
'Invoking: ARM v7 gcc compiler'
arm-none-eabi-gcc -Wall -O0 -g3 -c -fmessage-length=0 -MT"src/alu.o" -mcpu=cortex-a9 -mfpu=vfpv3 -mfloat-abi=hard -I../../alu_bsp/ps7_cortexa9_0/include -MMD -MP -MF"src/alu.d" -MT"src/alu.o" -o "src/alu.o" "../src/alu.c"
'Finished building: ../src/alu.c'
' '
'Building target: alu.elf'
'Invoking: ARM v7 gcc linker'
arm-none-eabi-gcc -mcpu=cortex-a9 -mfpu=vfpv3 -mfloat-abi=hard -Wl,-build-id=none -specs=Xilinx.spec -Wl,-T -Wl,../src/lscript.ld -L../../alu_bsp/ps7_cortexa9_0/lib -o "alu.elf"  ./src/alu.o   -Wl,--start-group,-lxil,-lgcc,-lc,--end-group
'Finished building target: alu.elf'
' '
'Invoking: ARM v7 Print Size'
arm-none-eabi-size alu.elf  |tee "alu.elf.size"
   text	   data	    bss	    dec	    hex	filename
  19044	   1144	  22568	  42756	   a704	alu.elf
'Finished building: alu.elf.size'
' '
23:22:09 **** Auto Build of configuration Debug for project alu ****
make pre-build main-build 
a9-linaro-pre-build-step
' '
'Building file: ../src/alu.c'
'Invoking: ARM v7 gcc compiler'
arm-none-eabi-gcc -Wall -O0 -g3 -c -fmessage-length=0 -MT"src/alu.o" -mcpu=cortex-a9 -mfpu=vfpv3 -mfloat-abi=hard -I../../alu_bsp/ps7_cortexa9_0/include -MMD -MP -MF"src/alu.d" -MT"src/alu.o" -o "src/alu.o" "../src/alu.c"
../src/alu.c: In function 'main':
../src/alu.c:22:58: error: 'c' undeclared (first use in this function)
  printf("Case 1: Z: %s, O: %s, R: %s\n", (z==0?"C":"E"),(c==0?"C":"E"),(R==0xFFFFF005?"C":"E"))
                                                          ^
../src/alu.c:22:58: note: each undeclared identifier is reported only once for each function it appears in
../src/alu.c:22:73: error: 'R' undeclared (first use in this function)
  printf("Case 1: Z: %s, O: %s, R: %s\n", (z==0?"C":"E"),(c==0?"C":"E"),(R==0xFFFFF005?"C":"E"))
                                                                         ^
../src/alu.c:25:2: error: expected ';' before 'return'
  return 0;
  ^~~~~~
../src/alu.c:13:12: warning: variable 'r' set but not used [-Wunused-but-set-variable]
  int z, o, r;
            ^
../src/alu.c:13:9: warning: variable 'o' set but not used [-Wunused-but-set-variable]
  int z, o, r;
         ^
make: *** [src/subdir.mk:23: src/alu.o] Error 1
23:22:20 **** Auto Build of configuration Debug for project alu ****
make pre-build main-build 
a9-linaro-pre-build-step
' '
'Building file: ../src/alu.c'
'Invoking: ARM v7 gcc compiler'
arm-none-eabi-gcc -Wall -O0 -g3 -c -fmessage-length=0 -MT"src/alu.o" -mcpu=cortex-a9 -mfpu=vfpv3 -mfloat-abi=hard -I../../alu_bsp/ps7_cortexa9_0/include -MMD -MP -MF"src/alu.d" -MT"src/alu.o" -o "src/alu.o" "../src/alu.c"
../src/alu.c: In function 'main':
../src/alu.c:22:58: error: 'c' undeclared (first use in this function)
  printf("Case 1: Z: %s, O: %s, R: %s\n", (z==0?"C":"E"),(c==0?"C":"E"),(R==0xFFFFF005?"C":"E"));
                                                          ^
../src/alu.c:22:58: note: each undeclared identifier is reported only once for each function it appears in
../src/alu.c:22:73: error: 'R' undeclared (first use in this function)
  printf("Case 1: Z: %s, O: %s, R: %s\n", (z==0?"C":"E"),(c==0?"C":"E"),(R==0xFFFFF005?"C":"E"));
                                                                         ^
../src/alu.c:13:12: warning: variable 'r' set but not used [-Wunused-but-set-variable]
  int z, o, r;
            ^
../src/alu.c:13:9: warning: variable 'o' set but not used [-Wunused-but-set-variable]
  int z, o, r;
         ^
make: *** [src/subdir.mk:23: src/alu.o] Error 1
23:22:46 **** Auto Build of configuration Debug for project alu ****
make pre-build main-build 
a9-linaro-pre-build-step
' '
'Building file: ../src/alu.c'
'Invoking: ARM v7 gcc compiler'
arm-none-eabi-gcc -Wall -O0 -g3 -c -fmessage-length=0 -MT"src/alu.o" -mcpu=cortex-a9 -mfpu=vfpv3 -mfloat-abi=hard -I../../alu_bsp/ps7_cortexa9_0/include -MMD -MP -MF"src/alu.d" -MT"src/alu.o" -o "src/alu.o" "../src/alu.c"
'Finished building: ../src/alu.c'
' '
'Building target: alu.elf'
'Invoking: ARM v7 gcc linker'
arm-none-eabi-gcc -mcpu=cortex-a9 -mfpu=vfpv3 -mfloat-abi=hard -Wl,-build-id=none -specs=Xilinx.spec -Wl,-T -Wl,../src/lscript.ld -L../../alu_bsp/ps7_cortexa9_0/lib -o "alu.elf"  ./src/alu.o   -Wl,--start-group,-lxil,-lgcc,-lc,--end-group
'Finished building target: alu.elf'
' '
'Invoking: ARM v7 Print Size'
arm-none-eabi-size alu.elf  |tee "alu.elf.size"
   text	   data	    bss	    dec	    hex	filename
  70440	   2580	  23328	  96348	  1785c	alu.elf
'Finished building: alu.elf.size'
' '
23:23:02 **** Incremental Build of configuration Debug for project alu ****
make pre-build main-build 
a9-linaro-pre-build-step
' '
make: Nothing to be done for 'main-build'.
23:26:22 **** Incremental Build of configuration Debug for project alu ****
make pre-build main-build 
a9-linaro-pre-build-step
' '
'Building file: ../src/alu.c'
'Invoking: ARM v7 gcc compiler'
arm-none-eabi-gcc -Wall -O0 -g3 -c -fmessage-length=0 -MT"src/alu.o" -mcpu=cortex-a9 -mfpu=vfpv3 -mfloat-abi=hard -I../../alu_bsp/ps7_cortexa9_0/include -MMD -MP -MF"src/alu.d" -MT"src/alu.o" -o "src/alu.o" "../src/alu.c"
'Finished building: ../src/alu.c'
' '
'Building target: alu.elf'
'Invoking: ARM v7 gcc linker'
arm-none-eabi-gcc -mcpu=cortex-a9 -mfpu=vfpv3 -mfloat-abi=hard -Wl,-build-id=none -specs=Xilinx.spec -Wl,-T -Wl,../src/lscript.ld -L../../alu_bsp/ps7_cortexa9_0/lib -o "alu.elf"  ./src/alu.o   -Wl,--start-group,-lxil,-lgcc,-lc,--end-group
'Finished building target: alu.elf'
' '
'Invoking: ARM v7 Print Size'
arm-none-eabi-size alu.elf  |tee "alu.elf.size"
   text	   data	    bss	    dec	    hex	filename
  71240	   2580	  23328	  97148	  17b7c	alu.elf
'Finished building: alu.elf.size'
' '
23:29:04 **** Incremental Build of configuration Debug for project alu ****
make pre-build main-build 
a9-linaro-pre-build-step
' '
make: Nothing to be done for 'main-build'.
23:33:41 **** Incremental Build of configuration Debug for project alu ****
make pre-build main-build 
a9-linaro-pre-build-step
' '
'Building file: ../src/alu.c'
'Invoking: ARM v7 gcc compiler'
arm-none-eabi-gcc -Wall -O0 -g3 -c -fmessage-length=0 -MT"src/alu.o" -mcpu=cortex-a9 -mfpu=vfpv3 -mfloat-abi=hard -I../../alu_bsp/ps7_cortexa9_0/include -MMD -MP -MF"src/alu.d" -MT"src/alu.o" -o "src/alu.o" "../src/alu.c"
'Finished building: ../src/alu.c'
' '
'Building target: alu.elf'
'Invoking: ARM v7 gcc linker'
arm-none-eabi-gcc -mcpu=cortex-a9 -mfpu=vfpv3 -mfloat-abi=hard -Wl,-build-id=none -specs=Xilinx.spec -Wl,-T -Wl,../src/lscript.ld -L../../alu_bsp/ps7_cortexa9_0/lib -o "alu.elf"  ./src/alu.o   -Wl,--start-group,-lxil,-lgcc,-lc,--end-group
'Finished building target: alu.elf'
' '
'Invoking: ARM v7 Print Size'
arm-none-eabi-size alu.elf  |tee "alu.elf.size"
   text	   data	    bss	    dec	    hex	filename
  73512	   2580	  23328	  99420	  1845c	alu.elf
'Finished building: alu.elf.size'
' '
23:36:01 **** Incremental Build of configuration Debug for project alu ****
make pre-build main-build 
a9-linaro-pre-build-step
' '
make: Nothing to be done for 'main-build'.
23:36:54 **** Incremental Build of configuration Debug for project alu ****
make pre-build main-build 
a9-linaro-pre-build-step
' '
'Building file: ../src/alu.c'
'Invoking: ARM v7 gcc compiler'
arm-none-eabi-gcc -Wall -O0 -g3 -c -fmessage-length=0 -MT"src/alu.o" -mcpu=cortex-a9 -mfpu=vfpv3 -mfloat-abi=hard -I../../alu_bsp/ps7_cortexa9_0/include -MMD -MP -MF"src/alu.d" -MT"src/alu.o" -o "src/alu.o" "../src/alu.c"
'Finished building: ../src/alu.c'
' '
'Building target: alu.elf'
'Invoking: ARM v7 gcc linker'
arm-none-eabi-gcc -mcpu=cortex-a9 -mfpu=vfpv3 -mfloat-abi=hard -Wl,-build-id=none -specs=Xilinx.spec -Wl,-T -Wl,../src/lscript.ld -L../../alu_bsp/ps7_cortexa9_0/lib -o "alu.elf"  ./src/alu.o   -Wl,--start-group,-lxil,-lgcc,-lc,--end-group
'Finished building target: alu.elf'
' '
'Invoking: ARM v7 Print Size'
arm-none-eabi-size alu.elf  |tee "alu.elf.size"
   text	   data	    bss	    dec	    hex	filename
  73512	   2580	  23328	  99420	  1845c	alu.elf
'Finished building: alu.elf.size'
' '
11:01:54 **** Incremental Build of configuration Debug for project alu ****
make pre-build main-build 
a9-linaro-pre-build-step
' '
make: Nothing to be done for 'main-build'.
11:05:07 **** Incremental Build of configuration Debug for project alu ****
make pre-build main-build 
a9-linaro-pre-build-step
' '
make: Nothing to be done for 'main-build'.
