10:59:18 **** Build of project adder_subtractor_bsp ****
make -k all 
"Running Make include in ps7_cortexa9_0/libsrc/coresightps_dcc_v1_4/src"
make -C ps7_cortexa9_0/libsrc/coresightps_dcc_v1_4/src -s include  "SHELL=CMD" "COMPILER=arm-none-eabi-gcc" "ARCHIVER=arm-none-eabi-ar" "COMPILER_FLAGS=  -O2 -c" "EXTRA_COMPILER_FLAGS=-mcpu=cortex-a9 -mfpu=vfpv3 -mfloat-abi=hard -nostartfiles -g -Wall -Wextra"
"Running Make include in ps7_cortexa9_0/libsrc/cpu_cortexa9_v2_7/src"
make -C ps7_cortexa9_0/libsrc/cpu_cortexa9_v2_7/src -s include  "SHELL=CMD" "COMPILER=arm-none-eabi-gcc" "ARCHIVER=arm-none-eabi-ar" "COMPILER_FLAGS=  -O2 -c" "EXTRA_COMPILER_FLAGS=-mcpu=cortex-a9 -mfpu=vfpv3 -mfloat-abi=hard -nostartfiles -g -Wall -Wextra"
"Running Make include in ps7_cortexa9_0/libsrc/ddrps_v1_0/src"
make -C ps7_cortexa9_0/libsrc/ddrps_v1_0/src -s include  "SHELL=CMD" "COMPILER=arm-none-eabi-gcc" "ARCHIVER=arm-none-eabi-ar" "COMPILER_FLAGS=  -O2 -c" "EXTRA_COMPILER_FLAGS=-mcpu=cortex-a9 -mfpu=vfpv3 -mfloat-abi=hard -nostartfiles -g -Wall -Wextra"
"Running Make include in ps7_cortexa9_0/libsrc/devcfg_v3_5/src"
make -C ps7_cortexa9_0/libsrc/devcfg_v3_5/src -s include  "SHELL=CMD" "COMPILER=arm-none-eabi-gcc" "ARCHIVER=arm-none-eabi-ar" "COMPILER_FLAGS=  -O2 -c" "EXTRA_COMPILER_FLAGS=-mcpu=cortex-a9 -mfpu=vfpv3 -mfloat-abi=hard -nostartfiles -g -Wall -Wextra"
"Running Make include in ps7_cortexa9_0/libsrc/dmaps_v2_4/src"
make -C ps7_cortexa9_0/libsrc/dmaps_v2_4/src -s include  "SHELL=CMD" "COMPILER=arm-none-eabi-gcc" "ARCHIVER=arm-none-eabi-ar" "COMPILER_FLAGS=  -O2 -c" "EXTRA_COMPILER_FLAGS=-mcpu=cortex-a9 -mfpu=vfpv3 -mfloat-abi=hard -nostartfiles -g -Wall -Wextra"
"Running Make include in ps7_cortexa9_0/libsrc/emacps_v3_8/src"
make -C ps7_cortexa9_0/libsrc/emacps_v3_8/src -s include  "SHELL=CMD" "COMPILER=arm-none-eabi-gcc" "ARCHIVER=arm-none-eabi-ar" "COMPILER_FLAGS=  -O2 -c" "EXTRA_COMPILER_FLAGS=-mcpu=cortex-a9 -mfpu=vfpv3 -mfloat-abi=hard -nostartfiles -g -Wall -Wextra"
"Running Make include in ps7_cortexa9_0/libsrc/gpiops_v3_4/src"
make -C ps7_cortexa9_0/libsrc/gpiops_v3_4/src -s include  "SHELL=CMD" "COMPILER=arm-none-eabi-gcc" "ARCHIVER=arm-none-eabi-ar" "COMPILER_FLAGS=  -O2 -c" "EXTRA_COMPILER_FLAGS=-mcpu=cortex-a9 -mfpu=vfpv3 -mfloat-abi=hard -nostartfiles -g -Wall -Wextra"
"Running Make include in ps7_cortexa9_0/libsrc/qspips_v3_5/src"
make -C ps7_cortexa9_0/libsrc/qspips_v3_5/src -s include  "SHELL=CMD" "COMPILER=arm-none-eabi-gcc" "ARCHIVER=arm-none-eabi-ar" "COMPILER_FLAGS=  -O2 -c" "EXTRA_COMPILER_FLAGS=-mcpu=cortex-a9 -mfpu=vfpv3 -mfloat-abi=hard -nostartfiles -g -Wall -Wextra"
"Running Make include in ps7_cortexa9_0/libsrc/scugic_v3_10/src"
make -C ps7_cortexa9_0/libsrc/scugic_v3_10/src -s include  "SHELL=CMD" "COMPILER=arm-none-eabi-gcc" "ARCHIVER=arm-none-eabi-ar" "COMPILER_FLAGS=  -O2 -c" "EXTRA_COMPILER_FLAGS=-mcpu=cortex-a9 -mfpu=vfpv3 -mfloat-abi=hard -nostartfiles -g -Wall -Wextra"
"Running Make include in ps7_cortexa9_0/libsrc/scutimer_v2_1/src"
make -C ps7_cortexa9_0/libsrc/scutimer_v2_1/src -s include  "SHELL=CMD" "COMPILER=arm-none-eabi-gcc" "ARCHIVER=arm-none-eabi-ar" "COMPILER_FLAGS=  -O2 -c" "EXTRA_COMPILER_FLAGS=-mcpu=cortex-a9 -mfpu=vfpv3 -mfloat-abi=hard -nostartfiles -g -Wall -Wextra"
"Running Make include in ps7_cortexa9_0/libsrc/scuwdt_v2_1/src"
make -C ps7_cortexa9_0/libsrc/scuwdt_v2_1/src -s include  "SHELL=CMD" "COMPILER=arm-none-eabi-gcc" "ARCHIVER=arm-none-eabi-ar" "COMPILER_FLAGS=  -O2 -c" "EXTRA_COMPILER_FLAGS=-mcpu=cortex-a9 -mfpu=vfpv3 -mfloat-abi=hard -nostartfiles -g -Wall -Wextra"
"Running Make include in ps7_cortexa9_0/libsrc/sdps_v3_6/src"
make -C ps7_cortexa9_0/libsrc/sdps_v3_6/src -s include  "SHELL=CMD" "COMPILER=arm-none-eabi-gcc" "ARCHIVER=arm-none-eabi-ar" "COMPILER_FLAGS=  -O2 -c" "EXTRA_COMPILER_FLAGS=-mcpu=cortex-a9 -mfpu=vfpv3 -mfloat-abi=hard -nostartfiles -g -Wall -Wextra"
"Running Make include in ps7_cortexa9_0/libsrc/standalone_v6_8/src"
make -C ps7_cortexa9_0/libsrc/standalone_v6_8/src -s include  "SHELL=CMD" "COMPILER=arm-none-eabi-gcc" "ARCHIVER=arm-none-eabi-ar" "COMPILER_FLAGS=  -O2 -c" "EXTRA_COMPILER_FLAGS=-mcpu=cortex-a9 -mfpu=vfpv3 -mfloat-abi=hard -nostartfiles -g -Wall -Wextra"
"Running Make include in ps7_cortexa9_0/libsrc/uartps_v3_7/src"
make -C ps7_cortexa9_0/libsrc/uartps_v3_7/src -s include  "SHELL=CMD" "COMPILER=arm-none-eabi-gcc" "ARCHIVER=arm-none-eabi-ar" "COMPILER_FLAGS=  -O2 -c" "EXTRA_COMPILER_FLAGS=-mcpu=cortex-a9 -mfpu=vfpv3 -mfloat-abi=hard -nostartfiles -g -Wall -Wextra"
"Running Make include in ps7_cortexa9_0/libsrc/usbps_v2_4/src"
make -C ps7_cortexa9_0/libsrc/usbps_v2_4/src -s include  "SHELL=CMD" "COMPILER=arm-none-eabi-gcc" "ARCHIVER=arm-none-eabi-ar" "COMPILER_FLAGS=  -O2 -c" "EXTRA_COMPILER_FLAGS=-mcpu=cortex-a9 -mfpu=vfpv3 -mfloat-abi=hard -nostartfiles -g -Wall -Wextra"
"Running Make include in ps7_cortexa9_0/libsrc/xadcps_v2_3/src"
make -C ps7_cortexa9_0/libsrc/xadcps_v2_3/src -s include  "SHELL=CMD" "COMPILER=arm-none-eabi-gcc" "ARCHIVER=arm-none-eabi-ar" "COMPILER_FLAGS=  -O2 -c" "EXTRA_COMPILER_FLAGS=-mcpu=cortex-a9 -mfpu=vfpv3 -mfloat-abi=hard -nostartfiles -g -Wall -Wextra"
"Running Make libs in ps7_cortexa9_0/libsrc/coresightps_dcc_v1_4/src"
make -C ps7_cortexa9_0/libsrc/coresightps_dcc_v1_4/src -s libs  "SHELL=CMD" "COMPILER=arm-none-eabi-gcc" "ARCHIVER=arm-none-eabi-ar" "COMPILER_FLAGS=  -O2 -c" "EXTRA_COMPILER_FLAGS=-mcpu=cortex-a9 -mfpu=vfpv3 -mfloat-abi=hard -nostartfiles -g -Wall -Wextra"
"Compiling coresightps_dcc"
arm-none-eabi-ar: creating ../../../lib/libxil.a
"Running Make libs in ps7_cortexa9_0/libsrc/cpu_cortexa9_v2_7/src"
make -C ps7_cortexa9_0/libsrc/cpu_cortexa9_v2_7/src -s libs  "SHELL=CMD" "COMPILER=arm-none-eabi-gcc" "ARCHIVER=arm-none-eabi-ar" "COMPILER_FLAGS=  -O2 -c" "EXTRA_COMPILER_FLAGS=-mcpu=cortex-a9 -mfpu=vfpv3 -mfloat-abi=hard -nostartfiles -g -Wall -Wextra"
"Compiling cpu_cortexa9"
"Running Make libs in ps7_cortexa9_0/libsrc/ddrps_v1_0/src"
make -C ps7_cortexa9_0/libsrc/ddrps_v1_0/src -s libs  "SHELL=CMD" "COMPILER=arm-none-eabi-gcc" "ARCHIVER=arm-none-eabi-ar" "COMPILER_FLAGS=  -O2 -c" "EXTRA_COMPILER_FLAGS=-mcpu=cortex-a9 -mfpu=vfpv3 -mfloat-abi=hard -nostartfiles -g -Wall -Wextra"
"Compiling ddrps"
"Running Make libs in ps7_cortexa9_0/libsrc/devcfg_v3_5/src"
make -C ps7_cortexa9_0/libsrc/devcfg_v3_5/src -s libs  "SHELL=CMD" "COMPILER=arm-none-eabi-gcc" "ARCHIVER=arm-none-eabi-ar" "COMPILER_FLAGS=  -O2 -c" "EXTRA_COMPILER_FLAGS=-mcpu=cortex-a9 -mfpu=vfpv3 -mfloat-abi=hard -nostartfiles -g -Wall -Wextra"
"Compiling devcfg"
"Running Make libs in ps7_cortexa9_0/libsrc/dmaps_v2_4/src"
make -C ps7_cortexa9_0/libsrc/dmaps_v2_4/src -s libs  "SHELL=CMD" "COMPILER=arm-none-eabi-gcc" "ARCHIVER=arm-none-eabi-ar" "COMPILER_FLAGS=  -O2 -c" "EXTRA_COMPILER_FLAGS=-mcpu=cortex-a9 -mfpu=vfpv3 -mfloat-abi=hard -nostartfiles -g -Wall -Wextra"
"Compiling dmaps"
"Running Make libs in ps7_cortexa9_0/libsrc/emacps_v3_8/src"
make -C ps7_cortexa9_0/libsrc/emacps_v3_8/src -s libs  "SHELL=CMD" "COMPILER=arm-none-eabi-gcc" "ARCHIVER=arm-none-eabi-ar" "COMPILER_FLAGS=  -O2 -c" "EXTRA_COMPILER_FLAGS=-mcpu=cortex-a9 -mfpu=vfpv3 -mfloat-abi=hard -nostartfiles -g -Wall -Wextra"
"Compiling emacps"
"Running Make libs in ps7_cortexa9_0/libsrc/gpiops_v3_4/src"
make -C ps7_cortexa9_0/libsrc/gpiops_v3_4/src -s libs  "SHELL=CMD" "COMPILER=arm-none-eabi-gcc" "ARCHIVER=arm-none-eabi-ar" "COMPILER_FLAGS=  -O2 -c" "EXTRA_COMPILER_FLAGS=-mcpu=cortex-a9 -mfpu=vfpv3 -mfloat-abi=hard -nostartfiles -g -Wall -Wextra"
"Compiling gpiops"
"Running Make libs in ps7_cortexa9_0/libsrc/qspips_v3_5/src"
make -C ps7_cortexa9_0/libsrc/qspips_v3_5/src -s libs  "SHELL=CMD" "COMPILER=arm-none-eabi-gcc" "ARCHIVER=arm-none-eabi-ar" "COMPILER_FLAGS=  -O2 -c" "EXTRA_COMPILER_FLAGS=-mcpu=cortex-a9 -mfpu=vfpv3 -mfloat-abi=hard -nostartfiles -g -Wall -Wextra"
"Compiling qspips"
"Running Make libs in ps7_cortexa9_0/libsrc/scugic_v3_10/src"
make -C ps7_cortexa9_0/libsrc/scugic_v3_10/src -s libs  "SHELL=CMD" "COMPILER=arm-none-eabi-gcc" "ARCHIVER=arm-none-eabi-ar" "COMPILER_FLAGS=  -O2 -c" "EXTRA_COMPILER_FLAGS=-mcpu=cortex-a9 -mfpu=vfpv3 -mfloat-abi=hard -nostartfiles -g -Wall -Wextra"
"Compiling scugic"
"Running Make libs in ps7_cortexa9_0/libsrc/scutimer_v2_1/src"
make -C ps7_cortexa9_0/libsrc/scutimer_v2_1/src -s libs  "SHELL=CMD" "COMPILER=arm-none-eabi-gcc" "ARCHIVER=arm-none-eabi-ar" "COMPILER_FLAGS=  -O2 -c" "EXTRA_COMPILER_FLAGS=-mcpu=cortex-a9 -mfpu=vfpv3 -mfloat-abi=hard -nostartfiles -g -Wall -Wextra"
"Compiling scutimer"
"Running Make libs in ps7_cortexa9_0/libsrc/scuwdt_v2_1/src"
make -C ps7_cortexa9_0/libsrc/scuwdt_v2_1/src -s libs  "SHELL=CMD" "COMPILER=arm-none-eabi-gcc" "ARCHIVER=arm-none-eabi-ar" "COMPILER_FLAGS=  -O2 -c" "EXTRA_COMPILER_FLAGS=-mcpu=cortex-a9 -mfpu=vfpv3 -mfloat-abi=hard -nostartfiles -g -Wall -Wextra"
"Compiling scuwdt"
"Running Make libs in ps7_cortexa9_0/libsrc/sdps_v3_6/src"
make -C ps7_cortexa9_0/libsrc/sdps_v3_6/src -s libs  "SHELL=CMD" "COMPILER=arm-none-eabi-gcc" "ARCHIVER=arm-none-eabi-ar" "COMPILER_FLAGS=  -O2 -c" "EXTRA_COMPILER_FLAGS=-mcpu=cortex-a9 -mfpu=vfpv3 -mfloat-abi=hard -nostartfiles -g -Wall -Wextra"
"Compiling sdps"
"Running Make libs in ps7_cortexa9_0/libsrc/standalone_v6_8/src"
make -C ps7_cortexa9_0/libsrc/standalone_v6_8/src -s libs  "SHELL=CMD" "COMPILER=arm-none-eabi-gcc" "ARCHIVER=arm-none-eabi-ar" "COMPILER_FLAGS=  -O2 -c" "EXTRA_COMPILER_FLAGS=-mcpu=cortex-a9 -mfpu=vfpv3 -mfloat-abi=hard -nostartfiles -g -Wall -Wextra"
"Compiling standalone"
In file included from usleep.c:56:0:
xtime_l.h:87:9: note: #pragma message: For the sleep routines, Global timer is being used
 #pragma message ("For the sleep routines, Global timer is being used")
         ^~~~~~~
In file included from xil_sleeptimer.c:51:0:
xtime_l.h:87:9: note: #pragma message: For the sleep routines, Global timer is being used
 #pragma message ("For the sleep routines, Global timer is being used")
         ^~~~~~~
In file included from xtime_l.c:49:0:
xtime_l.h:87:9: note: #pragma message: For the sleep routines, Global timer is being used
 #pragma message ("For the sleep routines, Global timer is being used")
         ^~~~~~~
In file included from sleep.c:53:0:
xtime_l.h:87:9: note: #pragma message: For the sleep routines, Global timer is being used
 #pragma message ("For the sleep routines, Global timer is being used")
         ^~~~~~~
"Running Make libs in ps7_cortexa9_0/libsrc/uartps_v3_7/src"
make -C ps7_cortexa9_0/libsrc/uartps_v3_7/src -s libs  "SHELL=CMD" "COMPILER=arm-none-eabi-gcc" "ARCHIVER=arm-none-eabi-ar" "COMPILER_FLAGS=  -O2 -c" "EXTRA_COMPILER_FLAGS=-mcpu=cortex-a9 -mfpu=vfpv3 -mfloat-abi=hard -nostartfiles -g -Wall -Wextra"
"Compiling uartps"
"Running Make libs in ps7_cortexa9_0/libsrc/usbps_v2_4/src"
make -C ps7_cortexa9_0/libsrc/usbps_v2_4/src -s libs  "SHELL=CMD" "COMPILER=arm-none-eabi-gcc" "ARCHIVER=arm-none-eabi-ar" "COMPILER_FLAGS=  -O2 -c" "EXTRA_COMPILER_FLAGS=-mcpu=cortex-a9 -mfpu=vfpv3 -mfloat-abi=hard -nostartfiles -g -Wall -Wextra"
"Compiling usbps"
"Running Make libs in ps7_cortexa9_0/libsrc/xadcps_v2_3/src"
make -C ps7_cortexa9_0/libsrc/xadcps_v2_3/src -s libs  "SHELL=CMD" "COMPILER=arm-none-eabi-gcc" "ARCHIVER=arm-none-eabi-ar" "COMPILER_FLAGS=  -O2 -c" "EXTRA_COMPILER_FLAGS=-mcpu=cortex-a9 -mfpu=vfpv3 -mfloat-abi=hard -nostartfiles -g -Wall -Wextra"
"Compiling xadcps"
'Finished building libraries'

**** Build of configuration Debug for project adder_subtractor ****

Nothing to build for project adder_subtractor
10:59:52 **** Auto Build of configuration Debug for project adder_subtractor ****
make pre-build main-build 
a9-linaro-pre-build-step
' '
'Building file: ../src/adder_subtractor.c'
'Invoking: ARM v7 gcc compiler'
arm-none-eabi-gcc -Wall -O0 -g3 -c -fmessage-length=0 -MT"src/adder_subtractor.o" -mcpu=cortex-a9 -mfpu=vfpv3 -mfloat-abi=hard -I../../adder_subtractor_bsp/ps7_cortexa9_0/include -MMD -MP -MF"src/adder_subtractor.d" -MT"src/adder_subtractor.o" -o "src/adder_subtractor.o" "../src/adder_subtractor.c"
'Finished building: ../src/adder_subtractor.c'
' '
'Building target: adder_subtractor.elf'
'Invoking: ARM v7 gcc linker'
arm-none-eabi-gcc -mcpu=cortex-a9 -mfpu=vfpv3 -mfloat-abi=hard -Wl,-build-id=none -specs=Xilinx.spec -Wl,-T -Wl,../src/lscript.ld -L../../adder_subtractor_bsp/ps7_cortexa9_0/lib -o "adder_subtractor.elf"  ./src/adder_subtractor.o   -Wl,--start-group,-lxil,-lgcc,-lc,--end-group
../../adder_subtractor_bsp/ps7_cortexa9_0/lib\libxil.a(xil-crt0.o): In function `_start':
C:\Users\alexivensky\ADDLabs\Lab-1\lab1\lab1.sdk\adder_subtractor_bsp\ps7_cortexa9_0\libsrc\standalone_v6_8\src/xil-crt0.S:138: undefined reference to `main'
collect2.exe: error: ld returned 1 exit status
make: *** [makefile:41: adder_subtractor.elf] Error 1
11:01:09 **** Auto Build of configuration Debug for project adder_subtractor ****
make pre-build main-build 
a9-linaro-pre-build-step
' '
'Building file: ../src/adder_subtractor.c'
'Invoking: ARM v7 gcc compiler'
arm-none-eabi-gcc -Wall -O0 -g3 -c -fmessage-length=0 -MT"src/adder_subtractor.o" -mcpu=cortex-a9 -mfpu=vfpv3 -mfloat-abi=hard -I../../adder_subtractor_bsp/ps7_cortexa9_0/include -MMD -MP -MF"src/adder_subtractor.d" -MT"src/adder_subtractor.o" -o "src/adder_subtractor.o" "../src/adder_subtractor.c"
../src/adder_subtractor.c: In function 'main':
../src/adder_subtractor.c:4:24: warning: missing terminating ' character
  printf("hello world");'
                        ^
../src/adder_subtractor.c:4:24: error: missing terminating ' character
make: *** [src/subdir.mk:23: src/adder_subtractor.o] Error 1
11:01:23 **** Auto Build of configuration Debug for project adder_subtractor ****
make pre-build main-build 
a9-linaro-pre-build-step
' '
'Building file: ../src/adder_subtractor.c'
'Invoking: ARM v7 gcc compiler'
arm-none-eabi-gcc -Wall -O0 -g3 -c -fmessage-length=0 -MT"src/adder_subtractor.o" -mcpu=cortex-a9 -mfpu=vfpv3 -mfloat-abi=hard -I../../adder_subtractor_bsp/ps7_cortexa9_0/include -MMD -MP -MF"src/adder_subtractor.d" -MT"src/adder_subtractor.o" -o "src/adder_subtractor.o" "../src/adder_subtractor.c"
'Finished building: ../src/adder_subtractor.c'
' '
'Building target: adder_subtractor.elf'
'Invoking: ARM v7 gcc linker'
arm-none-eabi-gcc -mcpu=cortex-a9 -mfpu=vfpv3 -mfloat-abi=hard -Wl,-build-id=none -specs=Xilinx.spec -Wl,-T -Wl,../src/lscript.ld -L../../adder_subtractor_bsp/ps7_cortexa9_0/lib -o "adder_subtractor.elf"  ./src/adder_subtractor.o   -Wl,--start-group,-lxil,-lgcc,-lc,--end-group
'Finished building target: adder_subtractor.elf'
' '
'Invoking: ARM v7 Print Size'
arm-none-eabi-size adder_subtractor.elf  |tee "adder_subtractor.elf.size"
   text	   data	    bss	    dec	    hex	filename
  70224	   2580	  23328	  96132	  17784	adder_subtractor.elf
'Finished building: adder_subtractor.elf.size'
' '
11:01:48 **** Incremental Build of configuration Debug for project adder_subtractor ****
make pre-build main-build 
a9-linaro-pre-build-step
' '
make: Nothing to be done for 'main-build'.
11:05:30 **** Auto Build of configuration Debug for project adder_subtractor ****
make pre-build main-build 
a9-linaro-pre-build-step
' '
'Building file: ../src/adder_subtractor.c'
'Invoking: ARM v7 gcc compiler'
arm-none-eabi-gcc -Wall -O0 -g3 -c -fmessage-length=0 -MT"src/adder_subtractor.o" -mcpu=cortex-a9 -mfpu=vfpv3 -mfloat-abi=hard -I../../adder_subtractor_bsp/ps7_cortexa9_0/include -MMD -MP -MF"src/adder_subtractor.d" -MT"src/adder_subtractor.o" -o "src/adder_subtractor.o" "../src/adder_subtractor.c"
'Finished building: ../src/adder_subtractor.c'
' '
'Building target: adder_subtractor.elf'
'Invoking: ARM v7 gcc linker'
arm-none-eabi-gcc -mcpu=cortex-a9 -mfpu=vfpv3 -mfloat-abi=hard -Wl,-build-id=none -specs=Xilinx.spec -Wl,-T -Wl,../src/lscript.ld -L../../adder_subtractor_bsp/ps7_cortexa9_0/lib -o "adder_subtractor.elf"  ./src/adder_subtractor.o   -Wl,--start-group,-lxil,-lgcc,-lc,--end-group
'Finished building target: adder_subtractor.elf'
' '
'Invoking: ARM v7 Print Size'
arm-none-eabi-size adder_subtractor.elf  |tee "adder_subtractor.elf.size"
   text	   data	    bss	    dec	    hex	filename
  70440	   2580	  23328	  96348	  1785c	adder_subtractor.elf
'Finished building: adder_subtractor.elf.size'
' '
11:05:39 **** Incremental Build of configuration Debug for project adder_subtractor ****
make pre-build main-build 
a9-linaro-pre-build-step
' '
make: Nothing to be done for 'main-build'.
11:09:06 **** Incremental Build of configuration Debug for project adder_subtractor ****
make pre-build main-build 
a9-linaro-pre-build-step
' '
'Building file: ../src/adder_subtractor.c'
'Invoking: ARM v7 gcc compiler'
arm-none-eabi-gcc -Wall -O0 -g3 -c -fmessage-length=0 -MT"src/adder_subtractor.o" -mcpu=cortex-a9 -mfpu=vfpv3 -mfloat-abi=hard -I../../adder_subtractor_bsp/ps7_cortexa9_0/include -MMD -MP -MF"src/adder_subtractor.d" -MT"src/adder_subtractor.o" -o "src/adder_subtractor.o" "../src/adder_subtractor.c"
'Finished building: ../src/adder_subtractor.c'
' '
'Building target: adder_subtractor.elf'
'Invoking: ARM v7 gcc linker'
arm-none-eabi-gcc -mcpu=cortex-a9 -mfpu=vfpv3 -mfloat-abi=hard -Wl,-build-id=none -specs=Xilinx.spec -Wl,-T -Wl,../src/lscript.ld -L../../adder_subtractor_bsp/ps7_cortexa9_0/lib -o "adder_subtractor.elf"  ./src/adder_subtractor.o   -Wl,--start-group,-lxil,-lgcc,-lc,--end-group
'Finished building target: adder_subtractor.elf'
' '
'Invoking: ARM v7 Print Size'
arm-none-eabi-size adder_subtractor.elf  |tee "adder_subtractor.elf.size"
   text	   data	    bss	    dec	    hex	filename
  70368	   2580	  23328	  96276	  17814	adder_subtractor.elf
'Finished building: adder_subtractor.elf.size'
' '
11:11:06 **** Incremental Build of configuration Debug for project adder_subtractor ****
make pre-build main-build 
a9-linaro-pre-build-step
' '
'Building file: ../src/adder_subtractor.c'
'Invoking: ARM v7 gcc compiler'
arm-none-eabi-gcc -Wall -O0 -g3 -c -fmessage-length=0 -MT"src/adder_subtractor.o" -mcpu=cortex-a9 -mfpu=vfpv3 -mfloat-abi=hard -I../../adder_subtractor_bsp/ps7_cortexa9_0/include -MMD -MP -MF"src/adder_subtractor.d" -MT"src/adder_subtractor.o" -o "src/adder_subtractor.o" "../src/adder_subtractor.c"
../src/adder_subtractor.c: In function 'main':
../src/adder_subtractor.c:29:6: error: redefinition of 's'
  int s = regmap[0];
      ^
../src/adder_subtractor.c:21:6: note: previous definition of 's' was here
  int s = regmap[0];
      ^
../src/adder_subtractor.c:30:6: error: redefinition of 'c'
  int c = regmap[2];
      ^
../src/adder_subtractor.c:22:6: note: previous definition of 'c' was here
  int c = regmap[2];
      ^
../src/adder_subtractor.c:37:6: error: redefinition of 's'
  int s = regmap[0];
      ^
../src/adder_subtractor.c:29:6: note: previous definition of 's' was here
  int s = regmap[0];
      ^
../src/adder_subtractor.c:38:6: error: redefinition of 'c'
  int c = regmap[2];
      ^
../src/adder_subtractor.c:30:6: note: previous definition of 'c' was here
  int c = regmap[2];
      ^
make: *** [src/subdir.mk:23: src/adder_subtractor.o] Error 1
11:11:33 **** Auto Build of configuration Debug for project adder_subtractor ****
make pre-build main-build 
a9-linaro-pre-build-step
' '
'Building file: ../src/adder_subtractor.c'
'Invoking: ARM v7 gcc compiler'
arm-none-eabi-gcc -Wall -O0 -g3 -c -fmessage-length=0 -MT"src/adder_subtractor.o" -mcpu=cortex-a9 -mfpu=vfpv3 -mfloat-abi=hard -I../../adder_subtractor_bsp/ps7_cortexa9_0/include -MMD -MP -MF"src/adder_subtractor.d" -MT"src/adder_subtractor.o" -o "src/adder_subtractor.o" "../src/adder_subtractor.c"
'Finished building: ../src/adder_subtractor.c'
' '
'Building target: adder_subtractor.elf'
'Invoking: ARM v7 gcc linker'
arm-none-eabi-gcc -mcpu=cortex-a9 -mfpu=vfpv3 -mfloat-abi=hard -Wl,-build-id=none -specs=Xilinx.spec -Wl,-T -Wl,../src/lscript.ld -L../../adder_subtractor_bsp/ps7_cortexa9_0/lib -o "adder_subtractor.elf"  ./src/adder_subtractor.o   -Wl,--start-group,-lxil,-lgcc,-lc,--end-group
'Finished building target: adder_subtractor.elf'
' '
'Invoking: ARM v7 Print Size'
arm-none-eabi-size adder_subtractor.elf  |tee "adder_subtractor.elf.size"
   text	   data	    bss	    dec	    hex	filename
  70800	   2580	  23328	  96708	  179c4	adder_subtractor.elf
'Finished building: adder_subtractor.elf.size'
' '
11:11:44 **** Incremental Build of configuration Debug for project adder_subtractor ****
make pre-build main-build 
a9-linaro-pre-build-step
' '
make: Nothing to be done for 'main-build'.
11:15:11 **** Auto Build of configuration Debug for project adder_subtractor ****
make pre-build main-build 
a9-linaro-pre-build-step
' '
'Building file: ../src/adder_subtractor.c'
'Invoking: ARM v7 gcc compiler'
arm-none-eabi-gcc -Wall -O0 -g3 -c -fmessage-length=0 -MT"src/adder_subtractor.o" -mcpu=cortex-a9 -mfpu=vfpv3 -mfloat-abi=hard -I../../adder_subtractor_bsp/ps7_cortexa9_0/include -MMD -MP -MF"src/adder_subtractor.d" -MT"src/adder_subtractor.o" -o "src/adder_subtractor.o" "../src/adder_subtractor.c"
../src/adder_subtractor.c: In function 'main':
../src/adder_subtractor.c:19:2: error: expected ';' before 'regmap'
  regmap[0] = 1;
  ^~~~~~
make: *** [src/subdir.mk:23: src/adder_subtractor.o] Error 1
11:15:25 **** Auto Build of configuration Debug for project adder_subtractor ****
make pre-build main-build 
a9-linaro-pre-build-step
' '
'Building file: ../src/adder_subtractor.c'
'Invoking: ARM v7 gcc compiler'
arm-none-eabi-gcc -Wall -O0 -g3 -c -fmessage-length=0 -MT"src/adder_subtractor.o" -mcpu=cortex-a9 -mfpu=vfpv3 -mfloat-abi=hard -I../../adder_subtractor_bsp/ps7_cortexa9_0/include -MMD -MP -MF"src/adder_subtractor.d" -MT"src/adder_subtractor.o" -o "src/adder_subtractor.o" "../src/adder_subtractor.c"
'Finished building: ../src/adder_subtractor.c'
' '
'Building target: adder_subtractor.elf'
'Invoking: ARM v7 gcc linker'
arm-none-eabi-gcc -mcpu=cortex-a9 -mfpu=vfpv3 -mfloat-abi=hard -Wl,-build-id=none -specs=Xilinx.spec -Wl,-T -Wl,../src/lscript.ld -L../../adder_subtractor_bsp/ps7_cortexa9_0/lib -o "adder_subtractor.elf"  ./src/adder_subtractor.o   -Wl,--start-group,-lxil,-lgcc,-lc,--end-group
'Finished building target: adder_subtractor.elf'
' '
'Invoking: ARM v7 Print Size'
arm-none-eabi-size adder_subtractor.elf  |tee "adder_subtractor.elf.size"
   text	   data	    bss	    dec	    hex	filename
  71620	   2580	  23328	  97528	  17cf8	adder_subtractor.elf
'Finished building: adder_subtractor.elf.size'
' '
11:15:37 **** Incremental Build of configuration Debug for project adder_subtractor ****
make pre-build main-build 
a9-linaro-pre-build-step
' '
make: Nothing to be done for 'main-build'.
11:18:19 **** Incremental Build of configuration Debug for project adder_subtractor ****
make pre-build main-build 
a9-linaro-pre-build-step
' '
'Building file: ../src/adder_subtractor.c'
'Invoking: ARM v7 gcc compiler'
arm-none-eabi-gcc -Wall -O0 -g3 -c -fmessage-length=0 -MT"src/adder_subtractor.o" -mcpu=cortex-a9 -mfpu=vfpv3 -mfloat-abi=hard -I../../adder_subtractor_bsp/ps7_cortexa9_0/include -MMD -MP -MF"src/adder_subtractor.d" -MT"src/adder_subtractor.o" -o "src/adder_subtractor.o" "../src/adder_subtractor.c"
'Finished building: ../src/adder_subtractor.c'
' '
'Building target: adder_subtractor.elf'
'Invoking: ARM v7 gcc linker'
arm-none-eabi-gcc -mcpu=cortex-a9 -mfpu=vfpv3 -mfloat-abi=hard -Wl,-build-id=none -specs=Xilinx.spec -Wl,-T -Wl,../src/lscript.ld -L../../adder_subtractor_bsp/ps7_cortexa9_0/lib -o "adder_subtractor.elf"  ./src/adder_subtractor.o   -Wl,--start-group,-lxil,-lgcc,-lc,--end-group
'Finished building target: adder_subtractor.elf'
' '
'Invoking: ARM v7 Print Size'
arm-none-eabi-size adder_subtractor.elf  |tee "adder_subtractor.elf.size"
   text	   data	    bss	    dec	    hex	filename
  71988	   2580	  23328	  97896	  17e68	adder_subtractor.elf
'Finished building: adder_subtractor.elf.size'
' '
11:19:32 **** Incremental Build of configuration Debug for project adder_subtractor ****
make pre-build main-build 
a9-linaro-pre-build-step
' '
'Building file: ../src/adder_subtractor.c'
'Invoking: ARM v7 gcc compiler'
arm-none-eabi-gcc -Wall -O0 -g3 -c -fmessage-length=0 -MT"src/adder_subtractor.o" -mcpu=cortex-a9 -mfpu=vfpv3 -mfloat-abi=hard -I../../adder_subtractor_bsp/ps7_cortexa9_0/include -MMD -MP -MF"src/adder_subtractor.d" -MT"src/adder_subtractor.o" -o "src/adder_subtractor.o" "../src/adder_subtractor.c"
'Finished building: ../src/adder_subtractor.c'
' '
'Building target: adder_subtractor.elf'
'Invoking: ARM v7 gcc linker'
arm-none-eabi-gcc -mcpu=cortex-a9 -mfpu=vfpv3 -mfloat-abi=hard -Wl,-build-id=none -specs=Xilinx.spec -Wl,-T -Wl,../src/lscript.ld -L../../adder_subtractor_bsp/ps7_cortexa9_0/lib -o "adder_subtractor.elf"  ./src/adder_subtractor.o   -Wl,--start-group,-lxil,-lgcc,-lc,--end-group
'Finished building target: adder_subtractor.elf'
' '
'Invoking: ARM v7 Print Size'
arm-none-eabi-size adder_subtractor.elf  |tee "adder_subtractor.elf.size"
   text	   data	    bss	    dec	    hex	filename
  72036	   2580	  23328	  97944	  17e98	adder_subtractor.elf
'Finished building: adder_subtractor.elf.size'
' '
11:20:02 **** Incremental Build of configuration Debug for project adder_subtractor ****
make pre-build main-build 
a9-linaro-pre-build-step
' '
'Building file: ../src/adder_subtractor.c'
'Invoking: ARM v7 gcc compiler'
arm-none-eabi-gcc -Wall -O0 -g3 -c -fmessage-length=0 -MT"src/adder_subtractor.o" -mcpu=cortex-a9 -mfpu=vfpv3 -mfloat-abi=hard -I../../adder_subtractor_bsp/ps7_cortexa9_0/include -MMD -MP -MF"src/adder_subtractor.d" -MT"src/adder_subtractor.o" -o "src/adder_subtractor.o" "../src/adder_subtractor.c"
'Finished building: ../src/adder_subtractor.c'
' '
'Building target: adder_subtractor.elf'
'Invoking: ARM v7 gcc linker'
arm-none-eabi-gcc -mcpu=cortex-a9 -mfpu=vfpv3 -mfloat-abi=hard -Wl,-build-id=none -specs=Xilinx.spec -Wl,-T -Wl,../src/lscript.ld -L../../adder_subtractor_bsp/ps7_cortexa9_0/lib -o "adder_subtractor.elf"  ./src/adder_subtractor.o   -Wl,--start-group,-lxil,-lgcc,-lc,--end-group
'Finished building target: adder_subtractor.elf'
' '
'Invoking: ARM v7 Print Size'
arm-none-eabi-size adder_subtractor.elf  |tee "adder_subtractor.elf.size"
   text	   data	    bss	    dec	    hex	filename
  72036	   2580	  23328	  97944	  17e98	adder_subtractor.elf
'Finished building: adder_subtractor.elf.size'
' '
